gwanaksan      관악산      tokens→0 rels
bulsan         불암산      tokens→0 rels
suraksan       수락산      tokens→0 rels
dobongsan      도봉산      tokens→0 rels
achasan        아차산      tokens→0 rels
inwangsan      인왕산      tokens→0 rels
jirisan        지리산      tokens→0 rels
seoraksan      설악산      tokens→0 rels
sobaeksan      소백산      tokens→0 rels
songnisan      속리산      tokens→0 rels
mudeungsan     무등산      tokens→0 rels
cheonggyesan   청계산      tokens→0 rels
yeongchwisan   영취산      tokens→0 rels
biseulsan      비슬산      tokens→0 rels
cheongnyangsan 청량산      tokens→0 rels
ansan          안산       tokens→0 rels
baekamsan      백암산      tokens→0 rels
yongmunsan     용문산      tokens→0 rels
yumyeongsan    유명산      tokens→0 rels
namsan         남산       tokens→0 rels
gyebangsan     계방산      tokens→0 rels
dutasan        두타산      tokens→0 rels
manisan        마니산      tokens→0 rels
daeamsan       대암산      tokens→0 rels
baegunsan      백운산      tokens→0 rels
sinbulsan      신불산      tokens→0 rels
gamaksan       감악산      tokens→0 rels
hwawangsan     화왕산      tokens→0 rels
unjangsan      운장산      tokens→0 rels
gajisan        가지산      tokens→0 rels
sikjangsan     식장산      tokens→0 rels
soyosan        소요산      tokens→0 rels
juwangsan      주왕산      tokens→0 rels
myeongseongsan 명성산      tokens→0 rels
unaksan        운악산      tokens→0 rels
taebaeksan     태백산      tokens→0 rels
woraksan       월악산      tokens→0 rels
wolchulsan     월출산      tokens→0 rels
chiaksan       치악산      tokens→0 rels
deogyusan      덕유산      tokens→0 rels
naejangsan     내장산      tokens→0 rels
gayasan        가야산      tokens→0 rels
daedunsan      대둔산      tokens→0 rels
maisan         마이산      tokens→0 rels
sogeumgang     소금강      tokens→0 rels
geometry to fetch: 0
NEW mountains with tracks: 0
