seoraksan Q482644 1708.0 | 1,708m
hallasan Q494645 1947.1 | 1,950m
jirisan Q483204 1915.0 | 1,915m
bukhansan Q494652 836.0 | 836m
sobaeksan Q625589 1439.0 | 1,440m
gayasan None None | 1,433m
odaesan Q491028 1563.0 | 1,563m
naejangsan Q626648 763.0 | 763m
chiaksan Q5095160 1288.0 | 1,288m
deogyusan Q130821 1614.0 | 1,614m
gyeryongsan Q496427 845.0 | 845m
wolchulsan Q482741 809.0 | 809m
mudeungsan Q6931712 1187.0 | 1,187m
duryunsan Q5316834 700.0 | 703m
minjusan Q8533668 1242.0 | 1,242m
sikjangsan Q12604057 596.0 | 598m
woraksan Q482709 1093.0 | 1,097m
dobongsan Q626000 739.5 | 740m
soyosan Q623938 587.0 | 587m
juwangsan Q6319107 721.0 | 721m
myeongseongsan Q6947377 922.6 | 922m
unaksan Q8528375 935.5 | 937.5m
taebaeksan Q625254 1566.7 | 1,567m
yushan Q340120 None | 3,952m
xueshan Q707720 3886.0 | 3,886m
yangmingshan Q709029 None | 1,120m
alishan Q4726972 None | 2,663m
huangshan Q36034 1864.0 | 1,864m
tateyama Q2977103 3015.0 | 3,003m
fansipan Q123782 3143.0 | 3,143m
taishan Q216059 1545.0 | 1,545m
kinabalu Q60967 4095.0 | 4,095m
rinjani Q847323 3726.0 | 3,726m
poonhill Q29015634 3210.0 | 3,210m
gwanaksan Q626275 632.0 | 629m
suraksan Q626151 637.7 | 638m
cheonggyesan Q5091635 None | 618m
achasan Q4673558 287.0 | 296m
geumjeongsan None None | 742m
palgongsan Q624313 1193.0 | 1,192m
unmunsan Q7897128 1195.0 | 1,188m
songnisan Q482720 1058.0 | 1,058m
daedunsan Q20652220 None | 878m
maisan Q562938 673.0 | 683m
inwangsan Q625942 338.0 | 338m
gajisan Q16071481 None | 1,240m
hwawangsan Q5952091 757.0 | 928m
unjangsan Q7896931 1126.0 | 1,126m
yeongchwisan None None | 510m
biseulsan Q4917297 1084.0 | 1,084m
cheongnyangsan None None | 869.7m
ansan Q12605668 295.9 | 296m
bulsan Q4998105 507.0 | 507m
sogeumgang Q12602407 None | 1,338m(노인봉)
heuiyangsan Q5701198 998.0 | 999.1m
cheongtaesan None None | 1,190m
baekamsan None None | 741.2m
yongmunsan Q12608681 None | 1,157m
yumyeongsan Q626674 862.0 | 862m
namsan Q489229 494.0 | 468m
gyebangsan Q16072491 None | 1,577m
dutasan Q16075182 None | 1,357m
manisan Q624003 469.0 | 469m
daeamsan Q12591620 None | 1,304m
baegunsan None None | 1,222m
sinbulsan Q7521890 1209.0 | 1,159m
gamaksan Q5519549 None | 674.9m
ebc Q1785940 None | 5,364m
act Q381683 None | 5,416m
langtang Q4351267 None | 4,984m
fuji Q39231 3777.2 | 3,776m
DONE 71
