seoraksan      설악산      rels= 20 picked=0 []
hallasan       한라산      rels=  0 picked=0 []
jirisan        지리산      rels=  0 picked=0 []
bukhansan      북한산      rels= 31 picked=0 []
sobaeksan      소백산      rels=  0 picked=0 []
gayasan        가야산      rels=  0 picked=0 []
odaesan        오대산      rels=  2 picked=0 []
naejangsan     내장산      rels=  0 picked=0 []
chiaksan       치악산      rels=  1 picked=0 []
deogyusan      덕유산      rels=  0 picked=0 []
gyeryongsan    계룡산      rels=  0 picked=0 []
wolchulsan     월출산      rels=  0 picked=0 []
mudeungsan     무등산      rels=  1 picked=0 []
duryunsan      두륜산      rels=  1 picked=0 []
minjusan       민주지산     rels=  0 picked=0 []
sikjangsan     식장산      rels=  0 picked=0 []
woraksan       월악산      rels=  1 picked=0 []
dobongsan      도봉산      rels= 22 picked=0 []
soyosan        소요산      rels=  0 picked=0 []
juwangsan      주왕산      rels=  2 picked=0 []
myeongseongsan 명성산      rels=  0 picked=0 []
unaksan        운악산      rels=  1 picked=0 []
taebaeksan     태백산      rels=  1 picked=0 []
yushan         위산(玉山)   rels=  0 picked=0 []
xueshan        설산(雪山)   rels=  0 picked=0 []
yangmingshan   양명산(陽明山) rels=  0 picked=0 []
alishan        아리산(阿里山) rels= 40 picked=0 []
huangshan      황산(黃山)   rels=  1 picked=0 []
tateyama       타테야마(立山) rels=  2 picked=0 []
fansipan       판시판      rels=  1 picked=0 []
taishan        타이산(泰山)  rels=  0 picked=0 []
kinabalu       킨리산      rels=  4 picked=0 []
rinjani        라위니      rels=  4 picked=0 []
poonhill       푼힐       rels=  7 picked=0 []
gwanaksan      관악산      rels=  0 picked=0 []
suraksan       수락산      rels= 15 picked=0 []
cheonggyesan   청계산      rels=  0 picked=0 []
achasan        아차산      rels=  9 picked=0 []
geumjeongsan   금정산      rels=  0 picked=0 []
palgongsan     팔공산      rels=  0 picked=0 []
unmunsan       운문산      rels=  1 picked=0 []
songnisan      속리산      rels=  1 picked=0 []
daedunsan      대둔산      rels=  1 picked=0 []
maisan         마이산      rels=  1 picked=0 []
inwangsan      인왕산      rels=  0 picked=0 []
gajisan        가지산      rels=  1 picked=0 []
hwawangsan     화왕산      rels=  0 picked=0 []
unjangsan      운장산      rels=  0 picked=0 []
yeongchwisan   영취산      rels=  0 picked=0 []
biseulsan      비슬산      rels=  0 picked=0 []
cheongnyangsan 청량산      rels=  0 picked=0 []
ansan          안산       rels= 16 picked=0 []
bulsan         불암산      rels= 14 picked=0 []
sogeumgang     소금강      rels=  2 picked=0 []
heuiyangsan    희양산      rels=  0 picked=0 []
cheongtaesan   청태산      rels=  0 picked=0 []
baekamsan      백암산      rels=  1 picked=0 []
yongmunsan     용문산      rels=  0 picked=0 []
yumyeongsan    유명산      rels=  0 picked=0 []
namsan         남산(경주)   rels=  1 picked=0 []
gyebangsan     계방산      rels=  0 picked=0 []
dutasan        두타산      rels=  1 picked=0 []
manisan        마니산      rels=  0 picked=0 []
daeamsan       대암산      rels=  0 picked=0 []
baegunsan      백운산      rels=  5 picked=0 []
sinbulsan      신불산      rels=  0 picked=0 []
gamaksan       감악산      rels=  1 picked=0 []
ebc            에베레스트 BC rels= 10 picked=0 []
act            안나푸르나 서킷 rels=  0 picked=0 []
langtang       랑탕 밸리    rels=  0 picked=0 []
fuji           후지산(富士山) rels= 17 picked=0 []
DONE
